// Jest Snapshot v1, https://goo.gl/fbAQLP

exports[`Paddles shows the correct snapshot for the Paddles component tree 1`] = `
<header
  className={
    Object {
      "data-css-1f6b3ur": "",
    }
  }
>
  <a
    className={
      Object {
        "data-css-33otqm": "",
      }
    }
    href="/projects/function noop() {}"
    onClick={[Function]}
    title={[Function]}
  >
    <svg
      aria-hidden={true}
      height={32}
      style={
        Object {
          "transform": "rotate(180deg)",
        }
      }
      viewBox="0 0 32 32"
      width={32}
    >
      <g
        fill="currentColor"
      >
        <polygon
          points="15.9 0 13.725 2.163 26.11 14.472 0 14.472 0 17.529 26.11 17.529 13.725 29.839 15.9 32 32 16"
        />
      </g>
    </svg>
  </a>
  <a
    className="css-33otqm css-omocl"
    href="/projects/function noop() {}"
    onClick={[Function]}
    title={[Function]}
  >
    <svg
      aria-hidden={true}
      height={32}
      viewBox="0 0 32 32"
      width={32}
    >
      <g
        fill="currentColor"
      >
        <polygon
          points="15.9 0 13.725 2.163 26.11 14.472 0 14.472 0 17.529 26.11 17.529 13.725 29.839 15.9 32 32 16"
        />
      </g>
    </svg>
  </a>
</header>
`;
