// Jest Snapshot v1, https://goo.gl/fbAQLP

exports[`Svg shows the correct snapshot for the Svg component tree (size) 1`] = `
<svg
  aria-hidden={true}
  height={32}
  viewBox="0 0 32 32"
  width={32}
>
  <g
    fill="currentColor"
  >
    <polygon
      points="15.9 0 13.725 2.163 26.11 14.472 0 14.472 0 17.529 26.11 17.529 13.725 29.839 15.9 32 32 16"
    />
  </g>
</svg>
`;

exports[`Svg shows the correct snapshot for the Svg component tree (width/height) 1`] = `
<svg
  aria-hidden={true}
  height={32}
  viewBox="0 0 32 32"
  width={32}
>
  <g
    fill="currentColor"
  >
    <polygon
      points="15.9 0 13.725 2.163 26.11 14.472 0 14.472 0 17.529 26.11 17.529 13.725 29.839 15.9 32 32 16"
    />
  </g>
</svg>
`;
